<html>
<body>
<pre>
<h1>µVision Build Log</h1>
<h2>Tool Versions:</h2>
IDE-Version: ¦ÌVision V5.33.0.0
Copyright (C) 2020 ARM Ltd and ARM Germany GmbH. All rights reserved.
License Information: Jinli Chen, XDU, LIC=AK1BF-6TZ80-GQ80H-WBNDC-T75GC-ITRJ1
 
Tool Versions:
Toolchain:       MDK-ARM Professional  Version: 5.33.0.0
Toolchain Path:  D:\Program Files\Keil_v5\ARM\ARMCC\Bin
C Compiler:      Armcc.exe V5.06 update 7 (build 960)
Assembler:       Armasm.exe V5.06 update 7 (build 960)
Linker/Locator:  ArmLink.exe V5.06 update 7 (build 960)
Library Manager: ArmAr.exe V5.06 update 7 (build 960)
Hex Converter:   FromElf.exe V5.06 update 7 (build 960)
CPU DLL:         SARMCM3.DLL V5.33.0.0
Dialog DLL:      DCM.DLL V1.17.3.0
Target DLL:      STLink\ST-LINKIII-KEIL_SWO.dll V3.0.8.0
Dialog DLL:      TCM.DLL V1.48.0.0
 
<h2>Project:</h2>
D:\OneDrive\Univesity\STM32\Learn\NUCLEO\Overroll\Overrall\MDK-ARM\Overrall.uvprojx
Project File Date:  05/23/2023

<h2>Output:</h2>
*** Using Compiler 'V5.06 update 7 (build 960)', folder: 'D:\Program Files\Keil_v5\ARM\ARMCC\Bin'
Rebuild target 'Overrall'
assembling startup_stm32f411xe.s...
compiling stm32f4xx_it.c...
compiling stm32f4xx_hal_msp.c...
compiling usart.c...
compiling stm32f4xx_hal_i2c_ex.c...
compiling gpio.c...
compiling main.c...
../Core/Src/main.c(102): warning:  #188-D: enumerated type mixed with another type
      HAL_GPIO_WritePin(LD2_GPIO_Port, LD2_Pin, 1);
../Core/Src/main.c: 1 warning, 0 errors
compiling i2c.c...
compiling stm32f4xx_hal_rcc_ex.c...
compiling stm32f4xx_hal_flash.c...
compiling stm32f4xx_hal_rcc.c...
compiling stm32f4xx_hal_i2c.c...
compiling stm32f4xx_hal_cortex.c...
compiling stm32f4xx_hal_exti.c...
compiling stm32f4xx_hal_flash_ramfunc.c...
compiling stm32f4xx_hal_gpio.c...
compiling stm32f4xx_hal.c...
compiling stm32f4xx_hal_pwr_ex.c...
compiling stm32f4xx_hal_dma.c...
compiling stm32f4xx_hal_pwr.c...
compiling stm32f4xx_hal_flash_ex.c...
compiling stm32f4xx_hal_dma_ex.c...
compiling stm32f4xx_hal_tim.c...
compiling stm32f4xx_hal_tim_ex.c...
compiling system_stm32f4xx.c...
compiling Vl6180x.c...
..\Core\HARDWARE\Vl6180x\Vl6180x.c(5): warning:  #177-D: function "VL6180X_Init"  was declared but never referenced
  void VL6180X_Init(void)
..\Core\HARDWARE\Vl6180x\Vl6180x.c(87): warning:  #177-D: function "VL6180X_GetID"  was declared but never referenced
  uint8_t VL6180X_GetID(void)
..\Core\HARDWARE\Vl6180x\Vl6180x.c(100): warning:  #177-D: function "VL6180X_GetRange"  was declared but never referenced
  uint8_t VL6180X_GetRange(void)
..\Core\HARDWARE\Vl6180x\Vl6180x.c: 3 warnings, 0 errors
compiling TCS34725.c...
..\Core\HARDWARE\TCS34725\TCS34725.h(29): warning:  #1-D: last line of file ends without a newline
  #endif
..\Core\HARDWARE\TCS34725\TCS34725.c(10): warning:  #177-D: function "TCS34725_ENABLE"  was declared but never referenced
  static void TCS34725_ENABLE()
..\Core\HARDWARE\TCS34725\TCS34725.c(28): warning:  #177-D: function "TCS34725_Get_RawData"  was declared but never referenced
  static uint16_t TCS34725_Get_RawData(I2C_HandleTypeDef *hi2c, uint16_t MemAddress)
..\Core\HARDWARE\TCS34725\TCS34725.c(42): warning:  #177-D: function "Send_RAWData_To_UART"  was declared but never referenced
  static void Send_RAWData_To_UART(char RGBC, uint16_t RawData)
..\Core\HARDWARE\TCS34725\TCS34725.c: 4 warnings, 0 errors
compiling stm32f4xx_hal_uart.c...
linking...
Program Size: Code=5736 RO-data=464 RW-data=20 ZI-data=1332  
FromELF: creating hex file...
"Overrall\Overrall.axf" - 0 Error(s), 8 Warning(s).

<h2>Software Packages used:</h2>

Package Vendor: ARM
                http://www.keil.com/pack/ARM.CMSIS.5.7.0.pack
                ARM.CMSIS.5.7.0
                CMSIS (Cortex Microcontroller Software Interface Standard)
   * Component: CORE Version: 5.4.0

Package Vendor: Keil
                http://www.keil.com/pack/Keil.STM32F4xx_DFP.2.15.0.pack
                Keil.STM32F4xx_DFP.2.15.0
                STMicroelectronics STM32F4 Series Device Support, Drivers and Examples

<h2>Collection of Component include folders:</h2>
  .\RTE\_Overrall
  D:\Program Files\Keil_v5\ARM\PACK\ARM\CMSIS\5.7.0\CMSIS\Core\Include
  D:\Program Files\Keil_v5\ARM\PACK\Keil\STM32F4xx_DFP\2.15.0\Drivers\CMSIS\Device\ST\STM32F4xx\Include

<h2>Collection of Component Files used:</h2>

   * Component: ARM::CMSIS:CORE:5.4.0
Build Time Elapsed:  00:00:04
</pre>
</body>
</html>
